105-R30 execution log
=====================

MODE=TC3_TC4_INTEGER_FUSION__Q_ELIMINATION__CANONICAL_SUCCESSOR_COLLISION

INPUT_AUDIT
-----------
R26_STAGE_ARCHIVE=105-R26-stage-archive.md
R26_STAGE_ARCHIVE_SHA256_LEDGER=41f4e2aad7720862a98349d61d22c482b7f5045b6c54bfea56651d4032d97680
R26_HASH_STATUS=LEDGER_CROSS_CHECK_PASS__RAW_FILE_LIBRARY_BYTES_NOT_MOUNTED_FOR_REHASH

R29_STAGE_ARCHIVE=105-R29-stage-archive.md
R29_STAGE_ARCHIVE_SHA256_LEDGER=f21b69272157b02a810830e49c10e5a4649daf565ad24f1ff3a946275f21ec3d
R29_SUPPORT_SATURATION_CERT_SHA256_LEDGER=e374454c24e167a922d75c06f92e93dc1041e4d56f0f7679f80abb0fe602c8d0
R29_SURVIVOR_REGISTRY_SHA256_LEDGER=2c0ed6ba790c48ca2c75ecf5f56aa44655052945f63a384a06360d8c01b39186
R29_EXECUTION_LOG_SHA256_LEDGER=14a79c07efeb3ff7aa32d3b60e9cfc75be608da77ed197749bb6df9ed1004084
R29_HASH_STATUS=MANIFEST_LEDGER_CROSS_CHECK_PASS__RAW_FILE_LIBRARY_BYTES_NOT_MOUNTED_FOR_REHASH

AUTHORITATIVE_TC3_SOURCE=105_R15_Master_G1_Z_Shell_Phase_Offensive.md;105_R15_Z_Shell_Normalization.csv;105_R15_Q_Successor_Registry.csv
AUTHORITATIVE_TC4_SOURCE=105_R8_Common_U_Integer_Source_Fibre.md;105_R2_Source_Section_Internalization.md;105_R3_Source_Completed_Valuation_Atlas.md

EXACT_RECOVERY
--------------
TC3=z=Lambda*q;Qminus<=q<=Qplus;gcd(q,F)=1
F=rad((P1/g1star)*C2*C3)
Zminus=max(ceil(10^(m2-1)/A),ceil(10^(m3-1)/W))
Zplus=min(floor((10^m2-1)/A),floor((10^m3-1)/W))
Qminus=ceil(Zminus/Lambda)
Qplus=floor(Zplus/Lambda)

TC4=decorated_source_interval+fixed_source_progression+gcd(U,V)=1+Umin<Rsrc
GENERIC_SOURCE_LATTICE_STEP=1
Q_SRC_1_CONGRUENCE=31*C3*U+dq*tau_src == 0 mod 2*K*dq
Q_SRC_1_STEP=2*K*dq/gcd(C3,2*K*dq)

R30_THEOREM
-----------
V(q)=V0*q with V0=Lambda*u0*A*W
TC3_ADMISSIBLE_COMMON_DILATION=YES
DECONTENTED_SOURCE_GEOMETRY_Q_INVARIANT=YES_ON_R15_RESIDUAL_Q_FIBRE
RESIDUAL_TC4_Q_DEPENDENCE=gcd(U,q)=1
FUSION=gcd(q,F)=1 AND gcd(q,U)=1 IFF gcd(q,F*U)=1

PHI_a(U)=sum_{d|rad(FU)} mobius(d)*(floor(Qplus/d)-floor((Qminus-1)/d))
N30(a)=sum_{U in U0(a)} PHI_a(U)
TC3_PLUS_TC4_IFF_N30_POSITIVE=PROVED

COMPUTATION
-----------
SCRIPT=105-R30-scripts/r30_q_elimination.py
MOBIUS_COUNT_REGRESSION_CASES=540000
SOURCE_COPRIMALITY_SPLIT_REGRESSION_CASES=117649
COMMON_DILATION_NORMALIZED_ROW_REGRESSION_CASES=10
COMMON_DILATION_REGRESSION_NORMALIZED_ROW=(21,125,3345)
ALL_SCRIPT_ASSERTIONS=PASS

R29_AUTOPSY
------------
PACKET=(640,1420,4727,4977)
SELECTORS=(A,W,u0,g1star)=(1,20,1,80)
EXPONENT_TUPLE=(n,delta,rho,m)=(4,-2,2,1)
C2=71
C3=4727
MU=4
LAMBDA_Z=2
TAU=1
LAMBDA=4
R1=8
F=671234=2*29*71*163
ZMIN=50
ZMAX=9
QMIN=13
QMAX=2
TC3_INTEGER_Q_COUNT=0
TC3=FAIL_EMPTY_INTERVAL
TC4=NOT_ACTIVATED
RAW_SOURCE_L=1000/4727
RAW_SOURCE_R=100/71

COUNTEREXAMPLE_REPLAY
---------------------
FROZEN_REPLAY_SCOPE=R15_R17_R20_R26_R28_R29_PLUS_R8_POST_PSDG_CENSUS
GENUINE_TC3_TC4_PASS_FOUND=NO
GLOBAL_INFERENCE_FROM_FINITE_REPLAY=NO

TERMINAL
--------
Q_VARIABLE_ELIMINATION_EQUIVALENCE=PROVED
TC3_TC4_Q_FREE_COUNT_EQUIVALENCE=YES
GLOBAL_Q_ELIMINATION_TERMINAL_THEOREM=NO__GLOBAL_IMPOSSIBILITY_NOT_PROVED
TC3_TC4_GLOBAL_INCOMPATIBILITY=NOT_PROVED
GLOBAL_TC3_TC4_FINITE_CLASSIFICATION=NOT_PROVED_ACROSS_PRIMITIVE_PACKET_LOCUS
FULL_STRICT_A1_WITNESS_FOUND=NO
R30_Q_SUCCESSOR_SATURATION_CERTIFICATE=PROVED
R30_TERMINAL_ATTACK_FAILED=YES
MINIMAL_MISSING_OBJECT=ARCHITECTURE_UNIFORM_ZERO_THEOREM_FOR_N30_OR_GENUINE_POSITIVE_N30_WITNESS
