105-R27 exact reconnaissance execution
BOUND_Q0=500
ORIENTED_PRIMITIVE_PACKETS=50910
GCD_STRUCTURE_PASS=50910
INERT_TPM_PASS=50910
CAP2_GE1=22586
CAP5_GE1=23492
CAP_BOTH_GE1=10352
E27_CAP_ARCH=10253
RAW_TC1_HIT_PACKETS=4
RAW_TC1_HIT_TUPLES=5
R24_SUPPORT_PLUS_TC1=0
TOTAL_SELECTOR_LABELS_VISITED=20429774
TOTAL_EXPONENT_RECORDS_VISITED=1477548
LOCAL_CAPACITY_BOX_TOTAL=1715
CAP2_FORMULA_MATCH=1715
CAP5_FORMULA_MATCH=1715
INFINITE_E27_SAMPLE_ROWS=36
SPLIT_PRIME_COUNTEREXAMPLE_ROWS=21
ELAPSED_SECONDS=24.993097
FINITE_ENUMERATION_IS_RECONNAISSANCE_ONLY=YES
NO_GLOBAL_NONEXISTENCE_CLAIM_FROM_BOUND=YES
FULL_TC2_TC4_REPLAY_IMPLEMENTED=NO
ALL_ASSERTIONS=PASS
