R28_INPUT_MODE=FILE_LIBRARY_PARSED_REFERENCE
R28_BYTEWISE_SHA256_RECOMPUTATION=UNAVAILABLE_IN_ACTIVE_RUNTIME
R28_FROZEN_MANIFEST_LEDGER_CROSSCHECK=YES
R29_EXACT_ARITHMETIC=PYTHON_INTEGERS_FRACTION
R28_POSITIVE_RADIAL_POINTS_AUTOPSIED=4
R28_AUTOPSY_GCDS=[40, 40, 40, 40]
R29_COUNTEREXAMPLE_FOUND=YES_R20_FROZEN_SUPPORT_STACK_WITNESS
R29_COUNTEREXAMPLE_TC1=True
R29_COUNTEREXAMPLE_SMITH_GCD=1
R29_COUNTEREXAMPLE_TAIL_SUPPORT=PASS_FROZEN_R20_R21
R29_COUNTEREXAMPLE_THETA=1/50
R29_COUNTEREXAMPLE_Z_WINDOW=[50, 9]
MU_SMITH_UNIVERSAL_COLLISION=FALSE
TC1_EQUALS_DIRECT_W_MASTER=YES
TC1_CONDITIONED_RATIO_INFORMATION_GAIN=0
STRICT_A1_UNLIFTABILITY_PROVED=NO

R28_FROZEN_LEDGER:
R28_STAGE_ARCHIVE_SHA256=ee1bf90f78f4317eefc3e3c341c3f15828e7e69724e2b5fa393765ab106f14a1
R28_TC1_DERIVATION_SHA256=4dbeba031fdba7c9ead02c72a53e6300b306b5ca610aa8f9adc1931f43363f3a
R28_OBSERVED_ARCH_REGISTRY_SHA256=dae7d0c1e65d6d5dcbce852d8bcbe4dea13d631a99d9815b6cfdf0f4fd92084e
R28_EXECUTION_LOG_SHA256=2bc615f781089ec1f6954c299b9cdd1df6a5ee06176f49a17075068ded099002
R28_TC1_HIT_REGISTRY_SHA256=0b325db25e2305022ac0aaae92c70cc504210f2ce5fe1ce003c01a0318f2df3e
R28_TC1_REJECTION_REGISTRY_SHA256=159fcdb0c486160868d69933746ebf519865adada84933e9ebaf460a1bb1b78b
R28_FACTORIZATION_REGISTRY_SHA256=cecc01ec28000d69c0f48ec88dc03894850915e006a31d871368aa5d5a7a4f3f
R28_SYMBOLIC_ELIMINATION_SHA256=65a2db697194df38f48d876e201c8aa7470664d7ffa6241623d0d57995947c4d
R28_FROZEN_ZIP_SHA256=a6159aab026b08c2474071fe67bff49c5b33bc5ce496a78ac9b9c5824f32162c

R29_COUNTEREXAMPLE_EXACT:
P1=640
P2=1420
P3=4727
Q0=4977
A=1
W=20
U0=1
G1_STAR=80
N=4
M=1
KEXP=1
GEXP=0
C2=71
C3=4727
G0=20
MU=4
A0=1
ELL=10020
T=250
H=3557
D=1423
R=5
XI=35575000
TC1_LHS=2846000000
TC1_RHS=2846000000
MU_CORE_LHS=142300000
MU_CORE_RHS=142300000
SMITH_GCD=1
RADIAL_INTERVAL=1,1
V2_MU=2
V2_XI=3
V5_MU=0
V5_XI=5
C2C3_TEN_UNIT=YES
THETA=1/50
RATIO_PASS=NO
Z_LOWER=50
Z_UPPER=9

R29_GLOBAL_THEOREMS:
MU_A0_COPRIME=PROVED
MU_DIVIDES_10R_D=PROVED
MU_DIVIDES_10R_Q0=PROVED
NONDECIMAL_MU_SMITH_OVERLAP_EXTINCTION=PROVED
DECIMAL_PRIMARY_MU_SMITH_COLLISION_UNIVERSAL=FALSE
HISTORICAL_GCD40_UNIVERSAL_COMPONENT=1
TC1_EQUALS_DIRECT_W_MASTER=PROVED
TC1_CONDITIONED_DENOMINATOR_RATIO_INFORMATION_GAIN=0
R29_POST_RADIAL_SUPPORT_SATURATION_CERTIFICATE=PROVED
