105-R28 execution ledger

R27_INPUT_MODE=FILE_LIBRARY_PARSED_REFERENCE
R27_BYTEWISE_SHA256_RECOMPUTATION=UNAVAILABLE_IN_ACTIVE_RUNTIME
R27_FROZEN_MANIFEST_LEDGER_CROSSCHECK=YES

PYTHON_ALL_PACKET_REGRESSION_B500:
BOUND_Q0=500
ORIENTED_PRIMITIVE_PACKETS=50910
E27_PACKETS=10253
AW_LABELS=2379454
EXPONENT_RECORDS=1112520
RAW_TC1_HITS=5
RAW_TC1_HIT_PACKETS=4
R24_SUPPORT_PLUS_TC1=0
NOTE=all packets TC1; includes R27-H2 outside E27

PYTHON_E27_B1000:
BOUND_Q0=1000
ORIENTED_PRIMITIVE_PACKETS=204303
E27_PACKETS=41402
AW_LABELS=2266318
EXPONENT_RECORDS=5224816
RAW_TC1_HITS=5
RAW_TC1_HIT_PACKETS=4
R24_SUPPORT_PLUS_TC1=0

CPP_E27_REGRESSION_B500:
PACKETS=50910
E27=10253
HITS=4
PASS=0
NOTE=exactly E27 subset of Python all-packet B500 hits

CPP_E27_REGRESSION_B1000:
PACKETS=204303
E27=41402
HITS=5
PASS=0
NOTE=counts and hit set agree with Python E27 B1000

CPP_E27_B1500:
PACKETS=459852
E27=93812
AW=5842385
EXP=14802423
HITS=12
PACKETHITS=9
PASS=0
DEATHS=SHAPE_GCD:4,POSITIVE_RADIAL_BOX:7,MU_SMITH:1

CPP_E27_B3000:
PACKETS=1840644
E27=376991
AW=28853397
EXP=80352953
HITS=37
PACKETHITS=28
PASS=0
DEATHS=SHAPE_GCD:9,POSITIVE_RADIAL_BOX:26,MU_SMITH:2
UNIQUE_SELECTOR_EXPONENT_ARCHITECTURES=30

GLOBAL_FIXED_ARCHITECTURE_CERTIFICATE:
B3000_RAW_HITS=37
UNIQUE_ARCHITECTURES_WITH_HISTORICAL_H2=31
GLOBAL_POSITIVE_RADIAL_CONIC_POINTS_ACROSS_THESE_ARCHITECTURES=4
GLOBAL_R24_SUPPORT_POINTS_ACROSS_THESE_ARCHITECTURES=0
ALL_ASSERTIONS=PASS

SYMBOLIC_CERTIFICATE:
ALL_SYMBOLIC_IDENTITIES=PASS
RESULTANT_INFORMATION_GAIN=0
DISCRIMINANT_INFORMATION_GAIN=0
RAW_TC1_INFINITE_CONIC_FAMILY_IDENTITY=PASS

ABORTED_NONCERTIFICATE_ATTEMPTS:
PYTHON_B1500_E27=TIMEOUT__NO_OUTPUT_USED
CPP_B4000_E27=TIMEOUT__NO_OUTPUT_USED

NO_GLOBAL_NONEXISTENCE_INFERENCE_FROM_HEIGHT_BOUND=YES
NO_GLOBAL_ARCHITECTURE_COVER_CLAIM=YES
ALL_USED_MACHINE_ASSERTIONS=PASS
