105-R32 execution log
=====================

INPUT_HASH_POLICY
-----------------
OLD_FILE_LIBRARY_ARTIFACTS=LEDGER-CROSSCHECK_ONLY
NEW_R32_ARTIFACTS=BYTEWISE_SHA256_IN_ACTIVE_RUNTIME

EXACT_SYMBOLIC_RESULTS
----------------------
n3=n
n2=n+delta=m2+g+k
m2=m
m3=n+g=n3+g
EXPONENT_DIFFERENCE=(m3-m2)-(n3-n2)=2g+k
PACKET_INVARIANT=P2/(10^(2g+k)*P3)
DOUBLE_DECADE_WINDOW=10^-2 < invariant < 10^2

UNIT_DIGIT_DETERMINIZATION
--------------------------
m2=digits(A*Lambda)
m3=digits(W*Lambda)
g=m3-n3
k=n2-m2-g

SEVEN_HIT_EXACT_REPLAY
----------------------
SEVEN_Q1_HITS=7
FACE3_ROOM_KILL=7
FACE2_ROOM_KILL=5
ALL_SEVEN_Ulo=1
ALL_SEVEN_Uhi=0
ALL_SEVEN_DELTA_U=1
ALL_SEVEN_g=0
ALL_SEVEN_k=1
ALL_SEVEN_lambda_z=1
ALL_SEVEN_tau=1

DIGIT_ONLY_COUNTERMODEL
-----------------------
PACKET=(50,10,1,51)
A=W=u0=g1star=1
(n2,n3,m2,m3,g,k)=(2,1,1,1,0,1)
(C2,C3)=(10,1)
Lambda=1
SOURCE_ROOM=[1,9]
SPHERE=PASS
PRIMITIVE=PASS
SHAPE_SMITH_TAIL=PASS
DHT_POSITIVE=PASS
TC1_LHS=-5
TC1_RHS=4439
TC1_RESIDUAL=-4444
STATUS=NOT_A_GENUINE_MASTER_ARCHITECTURE

RESTRICTED_MASTER_SEARCH
------------------------
DOMAIN=A=W=u0=g1star=Lambda=1;U=1;n3=m2=m3=1;g=0;k=1..4;C3=1..9;C2 has exactly k+1 digits
MASTER_SPHERE_EQUATION=10^(k+2)*P1+10*C2+C3=111*Q0
EXACT_CONFIGURATIONS=899910
SQUARE_DISCRIMINANTS=0
INTEGER_TC1_CONIC_ROOTS=0
GLOBAL_INFERENCE=NO

PRIME_BRANCH
------------
PRESCRIBED_Q_DIGIT_DETERMINIZATION=PROVED
ONE_DIGIT_PRIME_RESTRICTED_LANES=2,3,5,7
GLOBAL_PRIME_EXTINCTION=NOT_PROVED
GENUINE_PRIME_SURVIVOR=NOT_FOUND

TERMINAL
--------
R32_TERMINAL_ATTACK_FAILED
R32_UNIT_CHAMBER_SATURATION_CERTIFICATE=PROVED
UNIT_CHAMBER_SOURCE_ROOM_EXTINCTION=NOT_PROVED_NOT_FALSIFIED
MINIMAL_UNRESOLVED_UNIT_OBJECT=MASTER_CONDITIONED_UNIT_SOURCE_ROOM_COLLISION

SCRIPT_STDOUT
-------------
R32 exact unit-digit script: PASS
SEVEN_Q1_HITS=7
FACE3_ROOM_KILL=7
FACE2_ROOM_KILL=5
ALL_SEVEN_DELTA_U=1
DIGIT_ONLY_COUNTERMODEL_TC1_RESIDUAL=-4444
RESTRICTED_EXACT_CONFIGURATIONS=899910
RESTRICTED_SQUARE_DISCRIMINANTS=0
GLOBAL_Q1_EXTINCTION=UNDECIDED
