===== J2-65-R1-UnimodularSkeleton-symbolic.py =====
J2-65 R1 UNIMODULAR SYMBOLIC CERTIFICATE
STATUS=PASS
SOURCE_GENERAL_RELATION=u0*q0=G+1
CANONICAL_Abar=J*u0+1
CANONICAL_Bbar=J*G+q0
q0_Abar_MINUS_Bbar_EQUALS_J=PASS
u0_Bbar_MINUS_G_Abar_EQUALS_1=PASS
CANONICAL_DET_MINUS_1=PASS
INVERSE=[[-Abar,u0],[Bbar,-G]]=PASS
J2_A=2u+1 PASS
J2_B=2G+q PASS
J2_qA_MINUS_B=2 PASS
J2_uB_MINUS_GA=1 PASS
J2_RCE_INTERNAL_RESPECIALIZATION=PASS
GENERAL_J_RCE=NOT_RECOVERED
FULL_u_GENERALIZATION_WARNING=q_full=q0/gamma; source does not force gamma=1 in general resonance

===== J2-65-R1-DependencyDAG.py =====
J2-65 R1 DEPENDENCY DAG
STATUS=PASS
EDGE_COUNT=49
R11_CONSTANT_NOT_INDEPENDENT_ROOT=PASS
U_SQ_NOT_INDEPENDENT_FULL_EQUATION=PASS
R12_ALL_INDEPENDENT_MOD_CARRY_IDEAL=PASS
LOW_UP_NOT_CARRY_CONSEQUENCE=PASS
TSV=J2-65-R1-DependencyDAG.tsv

===== artifact audit =====
J2-65-R1-JParametric-Unimodular-Skeleton-Report.md	25080 bytes	42e7492acbdd2694e8b7af1a4618674c895dee4e5d05c85b189647511c5cb209
J2-65-R1-UnimodularSkeleton-symbolic.py	3424 bytes	1f271df2d3bf1ccda5515142aed83d48294f6549fc594a6e1eb81d9eec82549f
J2-65-R1-DependencyDAG.py	6214 bytes	63a2c781ed76acbc68392b4f3bbc2be1b84e633d33b9b73b9c37a62326149c8d
J2-65-R1-DependencyDAG.tsv	3931 bytes	40148e482390cd0058c9587ecbdcbf7e9282937b6d2ececa380473d2bf254f07
J2-65-R1-Provenance.tsv	6682 bytes	1616755bb5e2d43765d7fa2db31b20a75d9197c16fef68cc90cc8711c6865a46
J2-65-R1-certificate.txt	2067 bytes	d83f463e481d9075e43a59cc7e8107784fb52ded7beec555b8839e7e8d9aadd3
GENERAL_J_RCE_FILE_GENERATED=FALSE
J2_CLOSED=FALSE
