J2-65 R9 EXECUTION LOG
======================
AUTHORITATIVE_R8_CORE_READ=PASS
NOTE=R8 report + executed certificate + exact NormForm were read; not every named R8 auxiliary artifact surfaced in File Library search.
R8_VERDICT_TABLE_WRITTEN_BEFORE_BRANCH_OUTPUT=TRUE

R9_BRANCH=FINITE_RAMIFICATION_GEOMETRY
R9_BRANCH_SUBTYPE=SPECIALIZED_BRAUER_CLASS_ON_CYCLOTOMIC_SURFACE
OLD_FINE_GEOMETRY_REOPENED=FALSE
PRIME_BY_PRIME_CAMPAIGN_USED=FALSE
BIT_LADDER_USED=FALSE
FIXED_Q_CAMPAIGN_USED=FALSE

===== J2-65-R9-SpecializedBrauer.py =====
J2-65 R9 SPECIALIZED BRAUER CERTIFICATE
PHI_EQUALS_RHO_MINUS_SQUARE=PASS
RHO_PLUS_2_IS_SQUARE=PASS
SIGMA_FACTOR_NORM_REDUCTION=PASS_FROM_R8_IDENTITY
BRAUER_STEP1=(-rho,-Phi)
MINUS_PHI_IS_NORM_FROM_Q_SQRT_RHO=PASS
BRAUER_STEP2=(-1,-Phi)
FIXED_GAUSSIAN_NORM_TORUS=Q(i)
N_MINUS_PHI_TARGET=-Phi
N_CONGRUENT_1_MOD_G=PASS
N_CONGRUENT_2_MOD_u=PASS
RAMIFICATION_ZERO_LOCUS_ACTUAL_NECESSITY=FALSE
DIVISOR_INTERSECTION_STAGE_LEGAL=FALSE
J2_OBSTRUCTION_LEVEL=CYCLOTOMIC_BRAUER_SPECIALIZATION
J2_STATUS=OPEN

===== SHA256 =====
aa236c4e39b87ad65c1c6562ab3cd671fd2b9beac92a349581270105f226d780  J2-65-R9-Global-Verdict-Report.md
64052cc4dd40a97300c5757fe310b6e33c4030a9048f03ed72549ff380065f8d  J2-65-R9-R8Verdict.tsv
59aaf875f263673501faa36e32df4b8c9979c2b80fc769079c44bf915197fe46  J2-65-R9-ObstructionLevel.tsv
e6a509f97d7627b4428c2ecba535b64e153d41d3c86d8216bbdc6de786d9903f  J2-65-R9-certificate.txt
22d5bbd2692e1ce04a638d0a6e92551023f83255b988627cf64b3a2a2ec7ab6c  J2-65-R9-SpecializedBrauer.py
4a14434f4753177c510eb4bf27ee3ae840852ec5e5288c941ea38f5c3224bc7a  J2-65-R9-CyclotomicBrauerPullback.tsv
1e8269fc959088005eae6ee2c86d40cc6a39c786c559bdc3252c630156245090  J2-65-R9-RamificationSurfaceIntersection.tsv
bb6223976dbe7c1d7d9f5ac2234c537cddaf4727f3491685e04f8fb2078ee9ba  J2-65-R9-BrauerStructuralIdentities.tsv
c8dd3f885e00ecc13103abf63446a00e6cc4f1f7b84bb07b9fab086b7a581942  J2-65-R9-execution.log (pre-append hash)
