===== J2-65-R3-AugmentedNewton.py =====
R2_LEVEL1_MASTER_HASH_RECOMPUTED=8892befa7c4d420b20cd73dfc06cb6ebd52a1a093ea90ca421a52166b29fc2dc
R2_SUPPORT_REGRESSION=PASS
AUGMENTED_SUPPORT_SIZE=141
Q1_AUGMENTED_SUPPORT_SIZE=21
Q1_GK_SUPPORT_UNCHANGED=PASS
Q1_ALPHA0_AUGMENTED_SUPPORT_SIZE=9
Q1_ALPHA0_GK_SUPPORT_SIZE=7
===== J2-65-R3-DegeneracyAudit.py =====
ALPHA_VARIABLE_PROVENANCE=PASS
ALPHA_ZERO_QGT1_STATUS=RETIRED_BY_OLD_ZERO_TAIL
FACE_RATIO_IDENTITY=(C*N-B*t)/(2*q^2*c*x*K)
FACE_RATIO_BOUND=ABS_RATIO<75/(2*K^2)<=3/8
BOUNDARY_FACE_CANCELLATION=IMPOSSIBLE
QGT1_SUPPORT_DEGENERATION_LOCI=NONE
===== J2-65-R3-ArchimedeanDominance.py =====
PROJECTIVE_RATIONAL_VERTEX_CERTIFICATE=PASS
PROJECTIVE_VERTEX_COUNTS=high:58,boundary:19,reverse:43
PROJECTIVE_GAP_LOWER_BOUND=min(sigma,1-sigma,Delta_alpha,2-rho)
AUGMENTED_SUPPORT_SIZE=141
INTEGER_COEFFICIENT_L1=265676
TRIANGLE_GAP_THRESHOLD_DIGITS=6
ARCHIMEDEAN_EXACT_METHOD=TRIANGLE_DOMINANCE
FALSE_ARCHIMEDEAN_MINMAX_TIE_USED=FALSE
GENERIC_STRICT_PROJECTIVE_DOMINANT=MX:(3, 0, 12, 2, 0, 0, 2)
PROJECTIVE_ESCAPE_FACE_COUNT=3
ARCHIMEDEAN_CELL_COUNT=3
ARCHIMEDEAN_CELLS_CLOSED=generic complement of Delta_arch<=6/g
===== J2-65-R3-2AdicTropical.py =====
P2_FULL_10_SUPPORT_USED=TRUE
P2_COARSE_ROW_SUM_TARGET=2*D2v+k+3+X2
P2_CELL_COUNT=3
P2_UNIQUE_MIN_CELLS_CLOSED=ALL
P2_BIT_LADDER_USED=FALSE
===== J2-65-R3-5AdicTropical.py =====
P5_FULL_10_SUPPORT_USED=TRUE
P5_COARSE_ROW_SUM_TARGET=2*D5+2*b5+2*c5+k+X5
P5_CELL_COUNT=3
P5_UNIQUE_MIN_CELLS_CLOSED=ALL
P5_RESIDUE_DESCRIPTOR=b5,c5 only; no forced q mod 25 refinement
===== J2-65-R3-ThreePlaceIntersection.py =====
THREE_PLACE_CELL_COUNT_BEFORE_PRIMITIVE=27
THREE_PLACE_CELL_COUNT_AFTER_PRIMITIVE=27
Q1_PLACE_PROFILE_CELLS=18
Q1_PROFILE_SPLIT=alpha_nonzero_10point + alpha_zero_7point
Q1_ARCH_FACE=A_SIGMA0
Q1_PLACE_GEOMETRY=CLASSIFIED_WITH_ALPHA_ZERO_SUBPROFILE
