J2-65 R16 EXECUTION LOG
========================

SYNTAX_PASS=J2-65-R16-IdealCore.py
SYNTAX_PASS=J2-65-R16-NearSquare.py
SYNTAX_PASS=J2-65-R16-NearSquareReduction.py
SYNTAX_PASS=J2-65-R16-NormLattice.py
SYNTAX_PASS=J2-65-R16-OrbitSpacing.py
SYNTAX_PASS=J2-65-R16-PowerTenInfrastructure.py
SYNTAX_PASS=J2-65-R16-QuadraticOrder.py
SYNTAX_PASS=J2-65-R16-Regression.py
SYNTAX_PASS=J2-65-R16-SquareContent.py
SYNTAX_PASS=J2-65-R16-UnitStabilizer.py
SYNTAX_PASS=J2_65_R16_common.py

===== SquareContent =====
D_BOUNDARY=-D_LB
d0=(20*q^3)^2*D_BOUNDARY
V_NORM=40*q^3*Ypartial
DELTA_PARTIAL_STRUCTURAL_SQUARE=S_delta^2
S_delta=16000*G^2*q^7*(G+1)
UNIVERSAL_COORDINATE_CONTENT=800*q^5
RESIDUAL_SQUARE_SCALE=20*G^2*q^2*(G+1)
ILLEGAL_SQUARE_DIVISION_USED=FALSE

===== NearSquare =====
FIBRE_NEAR_SQUARE=-Delta_fib=T^2-R_F
BOUNDARY_NEAR_SQUARE=D=S_D^2-R_D
R_D= G*(2*G + q + 2)*(2*G**2 + G*q + 2*G + 2*q)*(4*G**6 + 4*G**5*q + 8*G**5 + G**4*q**2 + 4*G**4*q + 4*G**4 + 400*G**2 + 800*G + 400)
BOUNDARY_DEFECT_K_INDEPENDENT=TRUE
NEAR_SQUARE_DEFECT_GCD=1
NEAR_SQUARE_DEFECT_RELATION=NONE_COMMON_FACTOR

===== Regression =====
R16_REGRESSION=PASS
DOUBLE_NEAR_SQUARE=PASS
MAXIMAL_UNIVERSAL_COORDINATE_CONTENT=800*q^5
DEFECT_GCD=1; BOTH_RESULTANTS_NONZERO
DELTA_FIB_NEGATIVE_ON_ACTUAL_BASE=PASS via K>=10,q<=G+1,G>=10
PELL_ENUMERATION_USED=FALSE
NUMERICAL_FACTORING_USED=FALSE
q1_REOPENED=FALSE

===== Discipline scripts =====
QUADRATIC_ETALE_AUDIT=PASS
SOURCE_UNIT_STABILIZER_FORMULATION=PASS
IDEAL_h_CLASS_DISAPPEARANCE=PASS
ABSTRACT_ORBIT_SPACING_LEMMA=PASS
ACTUAL_ONE_HIT=NOT_PROVED
POWER_TEN_INFRASTRUCTURE_PHASE_COMPRESSION=PASS
PELL_ORBIT_ENUMERATION_USED=FALSE
NUMERICAL_FACTORING_USED=FALSE
PRIME_IDEAL_ALLOCATION_USED=FALSE

===== SHA256 =====
1ccf665198de4b773d4b25ffe622d5b02ff90dc6bfb1b2d5263acf5e6592f3e3  J2-65-R16-BoundaryNormInvariantDictionary.tsv
83268341bd7f1f13578049517933d21a61776528a49d824354590a7bb00c8a98  J2-65-R16-IdealCore.py
f26b1bc264a2cb0b6a96f1d8114c89dcb3c9ddec26c8582db7fc993f152f84bb  J2-65-R16-IdealCore.tsv
f6a23e95d1cd345fab62911643d7aea4048510769142021122191d9e3e6422d9  J2-65-R16-Integral-Boundary-Norm-Orbit-Report.md
af516c4203b4aeb0528108fb023027f74fc13d1d320de33e6f3e57e6c34240a6  J2-65-R16-NearSquare.py
4212aebc10488014b241faa8c5e05dbcb6353d6174bf490193a651f55dddc5b7  J2-65-R16-NearSquareDefects.tsv
1c617a2188b65e6abe69699091c31f1cad3645d7c66b742156c6afcd798733a7  J2-65-R16-NearSquareReduction.py
6a989a44c64d9710ee0640decf69d0d0d8d4bb502bf492747b4c716e4acadcba  J2-65-R16-NearSquareScale.tsv
f6fd14ecd1f3e3313743a6a15c26c54f1af7f78d3fba357ee2da398537b14431  J2-65-R16-NormLattice.py
3faadef4b9021db9bfc3d0af1fdba1b591eccd7a1e3e89473cc99ca55dbf656b  J2-65-R16-NormLatticeBasis.txt
5a8f71d0efbc15440a63c88ebf2c870a27fb271472fc07bcb8399dedf300c9a5  J2-65-R16-NormLatticeSmith.tsv
b6105da46d9ad64f09790adc6470b4207c43ae08a67e726d4eef7c1f3b4c421a  J2-65-R16-NormOrbitHeightSection.tsv
7343deffe5bcfafb23d8b7249475fe2a691bdb5a9b94c257b3c087b8ea87aba0  J2-65-R16-OrbitSpacing.py
9518ec4839d3f6c67cbe893afcc463e8e295de996c8f84b1e4126fbcc3d3c0ff  J2-65-R16-OrbitSpacing.tsv
5f6d736989798e6fbcf1e7ded79e2137a907883ee162732cc90e022dfe03da49  J2-65-R16-PowerTenInfrastructure.py
14a462a0b27dc13d3954c0619dc00df76d5700a292d043240291b25303c300c0  J2-65-R16-PrimitiveNormEquation.txt
de286edd0cb081b19d73bb032b9168b0a5a131efc46d36fad894080f9dc1aba8  J2-65-R16-QuadraticOrder.py
162136b8d376c0f4301fbaee0eacc9f426463095232e60d8d79d690a3ba95478  J2-65-R16-QuadraticOrder.tsv
bab1e4a8d4d36892005b7bac0ed70ad3abe2f694c3120f6a8bd1ae14cde5d827  J2-65-R16-Regression.py
05c91d53705e04f000ca5b614973aa20b6e03c899d9fe7da216eaff10b38ca38  J2-65-R16-SquareContent.py
bf4d2407a395b7165a80ebdc53c45bdd8e60cb3d620b0c9dd1a43eab271be0c4  J2-65-R16-UnitStabilizer.py
a84d8da4fcb991f7d3af675408f48fd901c976debf925044e5f9fdbb7b1fca3b  J2-65-R16-UnitStabilizer.tsv
bb33ba11e5a2f9d17089641799b5701ec3ef9e8c7bc45127db57d8459e19b16d  J2-65-R16-certificate.txt
227414b73c50b717d6ce079def254a04c86674a7db075816715a9f72cad8ee06  J2_65_R16_common.py
J2_STATUS=OPEN
EXECUTION_LOG_SELF_HASH=OMITTED_BY_DESIGN
