J2-65-R4 EXECUTION LOG
=======================
UTC=2026-08-17T08:40:38Z

===== J2-65-R4-BracketExtraction.py =====
R4 BRACKET EXTRACTION CERTIFICATE
MASTER_HASH=8892befa7c4d420b20cd73dfc06cb6ebd52a1a093ea90ca421a52166b29fc2dc
GROUPED_COEFFICIENT_COUNT=10
ADDITIVE_COEFFICIENT_COUNT=7
PRIMITIVE_BRACKET_GENERATOR_COUNT=7
LINEAR_PROJECTIVE_BRACKET_COUNT=5
HIGHER_BRACKET_COUNT=2
LINEAR_PAIR_PROPORTIONALITY=NONE
EXTRACTION_STATUS=PASS

===== J2-65-R4-BracketProjectivization.py =====
R4 PROJECTIVIZATION CERTIFICATE
T_ZERO_STATUS=NONZERO (source: t odd; d structural nonzero)
ALPHA_ZERO_QGT1=RETIRED_INHERITED_R3
PRIMITIVE_PROJECTIVIZATION=PASS
GCD_ALPHA_DT_THEOREM=NO_GLOBAL_h=1_THEOREM_RECOVERED
P2_h_CONTENT=v2(h)=min(v2(alpha),v2(d)) because v2(t)=0
P5_h_CONTENT=v5(h)=min(v5(alpha),v5(d)+v5(t))
PAIRWISE_DETERMINANT_IDENTITIES=PASS
PAIRWISE_GCD_DIVIDES_DETERMINANT=PROVED_BY_PRIMITIVITY

===== J2-65-R4-BracketDeterminants.py =====
R4 DETERMINANT CERTIFICATE
PAIRWISE_DETERMINANT_THEOREM=PROVED
PAIRWISE_GCD_DIVIDES_DETERMINANT=PROVED
NONZERO_DETERMINANT_COUNT=10
RAW_DETERMINANT_IRREDUCIBLE_FACTOR_COUNT=16
DETERMINANT_KERNEL_SIZE=8  # live 2/5-primary kernel: q+4,D7,D8,3q+2,D3c,D4,q-2,D9
UNBOUNDED_LIVE_DETERMINANT_TUBE_COUNT=7
P2_DETERMINANT_TUBES_CLASSIFIED=TRUE
P5_DETERMINANT_TUBES_CLASSIFIED=TRUE
HIGHER_BRACKET_RESULTANTS_NOT_NEEDED=FALSE
HIGHER_BRACKET_RESULTANT_COUNT=11

===== J2-65-R4-TailReexpression.py =====
R4 TAIL REEXPRESSION CERTIFICATE
TAIL_REEXPRESSION_AUDIT=PASS
BRACKETS_RETIRED_AS_OLD_SHADOWS=0
LINEAR_BRACKETS_NEW_EXACT_COMBINATIONS=5
HIGHER_BRACKETS_NEW=2
TAIL_CONGRUENCE_USED_AS_DEPENDENCY_EQUALITY=FALSE

===== J2-65-R4-BracketCellLift.py =====
R4 CELL LIFT CERTIFICATE
R3_META_CELL_REGRESSION=PASS
R3_META_CELL_COUNT=27
R4_BRACKET_EQUIVALENCE_CLASSES=27_STRICT
R4_BRACKET_PATTERN_FIBRES=9
BOTH_PLACES_CROSS_ROW_CELL_COUNT=3
CELLS_WITH_AT_LEAST_ONE_CROSS_ROW=15
CELLS_WITH_INTERNAL_PLACE=24
CROSS_ROW_CELL_COUNT=3  # both places C1
INTERNAL_MONOMIAL_CELL_COUNT=0_FORCED (C2 remains a disjunct inside internal cells)
GENUINE_BRACKET_LIFT_CELL_COUNT=0_FORCED;24_POTENTIAL
CELLS_CLOSED_BY_DETERMINANT_GCD=0_RAW_META_CELLS
WHY_ZERO_RAW_CLOSURES=R3 row-order cells do not force a specific bracket pair or positive depth; determinant theorem kills refined C3 subcells, not an entire row-order meta-cell without further inequalities

===== J2-65-R4-AdelicCompatibility.py =====
R4 ADELIC COMPATIBILITY CERTIFICATE
LINEAR_HEIGHT_BOUNDS=PASS
P2_DETERMINANT_GRAPH_EDGE_COUNT=4
P2_UNBOUNDED_EXTRA_EDGE_COUNT=2
P5_RAW_GRAPH=COMPLETE_ON_LIVE_q_CONGRUENT_1_MOD5_BECAUSE_OLD_q+4_TUBE
P5_EXTRA_AFTER_b5_QUOTIENT_EDGE_COUNT=4
ADELIC_PROJECTIVE_COMPLEX=PROVED_FOR_5_LINEAR_GENERATORS; EXTENDED_FINITE_BY_2_TYPE_H_CONICS
TEN_PRIMARY_DEPTH_TO_ZERO=FALSE_AT_R3_META_CELL_LEVEL
EXACT_BRACKET_ZERO_LOCI_COUNT=5_DEFINED_LINEAR_CENTERS;B21_ZERO_RETIRED_BY_DTF1_REAL_HALFSPACE;0_FORCED_BY_CELLS
EXACT_DETERMINANT_LOCI_COUNT=8_LIVE_KERNEL_FACTORS;0_FORCED
REAL_PROJECTIVE_ZERO_RETIREMENT=B21_ZERO_IMPOSSIBLE because alpha/(dt)<c<V21/(q-2)
ALGEBRAIC_SURVIVOR_LOCI_COUNT=0_FORCED
S_UNIT_REDUCTION_REACHED=FALSE
Q1_BRACKET_COMPLEX=CLASSIFIED;5_DISTINCT_LINEAR_CENTERS_PLUS_2_CONICS_ON_alpha!=0;alpha=0_SPECIALIZATION_DEGENERATES_LINEAR_FORMS_TO_NONZERO_T_MULTIPLES

===== Python compile regression =====
PY_COMPILE=PASS

===== Required artifact audit =====
PRESENT J2-65-R4-Additive-Bracket-Complex-Report.md
PRESENT J2-65-R4-BracketExtraction.py
PRESENT J2-65-R4-BracketProjectivization.py
PRESENT J2-65-R4-BracketDeterminants.py
PRESENT J2-65-R4-BracketCellLift.py
PRESENT J2-65-R4-AdelicCompatibility.py
PRESENT J2-65-R4-TailReexpression.py
PRESENT J2-65-R4-CoefficientFactorization.tsv
PRESENT J2-65-R4-BracketCatalog.tsv
PRESENT J2-65-R4-BracketIncidence.tsv
PRESENT J2-65-R4-BracketDependency.tsv
PRESENT J2-65-R4-BracketDeterminants.tsv
PRESENT J2-65-R4-2AdicDeterminantTubes.tsv
PRESENT J2-65-R4-5AdicDeterminantTubes.tsv
PRESENT J2-65-R4-LiftedThreePlaceCells.tsv
PRESENT J2-65-R4-BracketDepthRequirements.tsv
PRESENT J2-65-R4-BracketHeightBounds.tsv
PRESENT J2-65-R4-BracketCellQuotient.tsv
PRESENT J2-65-R4-TailReexpression.tsv
PRESENT J2-65-R4-HigherBracketResultants.tsv
PRESENT J2-65-R4-AdelicProjectiveComplex.tsv
PRESENT J2-65-R4-certificate.txt
REQUIRED_ARTIFACT_AUDIT=PASS

===== SHA256 =====
cb74faecd92b7ccd199f67fcff3618e8215b165ce4d82bb25b5fca6a7dc98759  J2-65-R4-Additive-Bracket-Complex-Report.md
ca0bb990fb687d85fc80c18fde22a29bd848e5a955d3867c97c8bc45875bd2a6  J2-65-R4-BracketExtraction.py
573bade429242659f82f800c73a25409167f53c6ad6331d21524af06245681bf  J2-65-R4-BracketProjectivization.py
29f08c8e87af83619ae3855bd98657bf8925a9dc8b95ccf1b905f5ab5116487d  J2-65-R4-BracketDeterminants.py
997fd2abff4a26af97ebe5e74fa7bd06b0c7a560fe46460d09625541c6f8f065  J2-65-R4-BracketCellLift.py
008223a8ceb9f1d988be488004bed0b4a5d00f85d49a3a52a32503469a2ead74  J2-65-R4-AdelicCompatibility.py
c544e7dcebbc1de670d9d341ee073b60914d01cf18eee0bf81a29fa4e1ff4a23  J2-65-R4-TailReexpression.py
52e0641da96f7c48e7bfc44cbe20794a86cdb4ff1eadcab29670e85834e4ec8f  J2-65-R4-CoefficientFactorization.tsv
04a85dc159d90ad1e3c31a1362941f64dc0ba7c2bf3872dc0aab1f8aac620c32  J2-65-R4-BracketCatalog.tsv
6abdd7fea62b42a2c3fbe99bf951e2ccc8ace7e6daa7ca5211e09b5bbc865107  J2-65-R4-BracketIncidence.tsv
5e6142bb8324988c38e1975a8fa400c6fa8f593e27016354699e910255307c9f  J2-65-R4-BracketDependency.tsv
de554835980251280511d866c946d90f18544e6ef921931a1d2c52d881e00e54  J2-65-R4-BracketDeterminants.tsv
b55d4ff799cbf9defe364da6c6777d39ff488b0b295f1af20d1c915fc5fca829  J2-65-R4-2AdicDeterminantTubes.tsv
6a41531703b3e304befebea53e50d9607b8e9915f193218212c8ad4b7bbfcdc0  J2-65-R4-5AdicDeterminantTubes.tsv
ebaa66aa670a2e76c6aa43a25f7547c5cd22931a5220e2e9b27dc4c3a3fb5d66  J2-65-R4-LiftedThreePlaceCells.tsv
cd4865e662f031b431406db1e866fa934b5efa87e199a0131f338123f8407ec1  J2-65-R4-BracketDepthRequirements.tsv
b6dff474c903fa2b60dbd9690c5a17bae6fc40d7a4acf87857c52f114799891d  J2-65-R4-BracketHeightBounds.tsv
e8b86943f6f9239920938f6381ba0a9ae88223574eaa0cc5ac17e54d78455adf  J2-65-R4-BracketCellQuotient.tsv
1368f8ab639087fd3cd3fb901d4e62fb1d4f54cef5053571eeba66cd7ed7e528  J2-65-R4-TailReexpression.tsv
7f7fcaa637ac25a9288a76738c4a677d1f3a7408f376ddc8861b96d922611eb5  J2-65-R4-HigherBracketResultants.tsv
f7f42c218fcf509966e25ac224cdcae31923cb12661a3dfd51a14de7f4d3ee2a  J2-65-R4-AdelicProjectiveComplex.tsv
5f2be41f4cd82d7ab49c454b33a8d8391abd3a2bedc5b732f8f08325bea10a7a  J2-65-R4-certificate.txt
