J2-65 R7 EXECUTION LOG
EXACT_SOURCE_RECONSTRUCTION=PASS
R2_DENOMINATOR=d**2*q**5*(q + 4)**2*(q**3 + 10*q**2 + 12*q + 8)**2
R6_TWO_ROW_EXTRACTION=PASS
VERONESE_PULLBACK_EXACT=PASS
BLOCK_SEPARATION_EXACT=PASS
S_REDUCIBLE_FACTOR_EXACT=PASS
PENCIL_DETERMINANT_EXACT=PASS
BINARY_DISCRIMINANT_EXACT=PASS
BASE_LOCUS_SQUARE_CLASS_EXACT=PASS
L_ROW_NEGATIVE_X_REGRESSION_EXACT=PASS
ACTUAL_SINGULAR_SIZE_THEOREM=PASS
UNIVERSAL_SECTION_SPECIALIZATION_ARGUMENT=PROVED_IN_REPORT
FINITE_BAD_PRIME_THEOREM=PROVED_IN_REPORT
NOTE=Stage scripts are syntax-audited entry points; heavy exact reconstruction was intentionally executed once, not 8 times.
SYNTAX_PASS J2_65_R7_common.py
SYNTAX_PASS J2-65-R7-QuadraticPencil.py
SYNTAX_PASS J2-65-R7-ProjectiveMap.py
SYNTAX_PASS J2-65-R7-ConicDiscriminant.py
SYNTAX_PASS J2-65-R7-BaseLocus.py
SYNTAX_PASS J2-65-R7-CompletedSquare.py
SYNTAX_PASS J2-65-R7-RationalSection.py
SYNTAX_PASS J2-65-R7-HasseMinkowski.py
SYNTAX_PASS J2-65-R7-Regression.py
===== SHA256 =====
5f17bd872a9404f2c5b3c19cc14bdbe1722693603c1aff3e802cd0c34add934e  J2-65-R7-BadPrimeFactors.tsv
2cb89e024e6aa0825c505229efd7f28590e73d8e8ccb5726b1d269bca4201721  J2-65-R7-BaseLocus.py
6f3ad3d0e314f3266b2c75c04c832f67750b90dab0582cbde90e1d3a898710df  J2-65-R7-BaseLocus.tsv
a459293951a37fd87f26c8db084528d29f7c3eb1924af5fcf1e7201cf0670e5e  J2-65-R7-BinaryNormFactors.tsv
99ac8554cae24d24c2532596e8d7722c75d0256dbf2e32e9c6ac0adbf32c0ec4  J2-65-R7-BlockStructure.tsv
4379d80f264f51e20f7a022ec7b6669ade039a9f4d0c308af7bcb2c88ab6e98e  J2-65-R7-CompletedSquare.py
428cdbac18f40c3edf7e71ad54e4de62eef8048cf1f39887a5c4d23719824644  J2-65-R7-ConicDiscriminant.py
65c28f2d25533b943d198b1e46ebb8b02f9e58b7b61bb2034c469f2515e9e2df  J2-65-R7-ConicDiscriminantFactors.tsv
be52d47e7ed05c45c80ba88e8500e96b09fe6da65c7741805f9684a516550dc4  J2-65-R7-HasseMinkowski.py
80cbf46398e3bcf1284a6f7c177917ea4c729a2ff7cfae0042998565b8f62ac0  J2-65-R7-LocalSolubility.tsv
c53c4a9dea8e55a725ff914b8d79fc7677da394aafb5c73d4292c4e6c09c2ef6  J2-65-R7-ProjectiveMap.py
3bbf3ded6fd30bc60ee54fca4b45877963e3075b63976b6b9bf2d970c29336b1  J2-65-R7-QuadraticMatrices.txt
03c412d32515ac914e40e288b1d2f211b34d28f212d91e52d478f345318bdcd0  J2-65-R7-QuadraticPencil.py
2022d89e77fbe11c942e846c14f994de1b601f6319ae7b1b7b90a17746d20df8  J2-65-R7-R6Regression.tsv
5ca1d72ce5a2514078743a345fb7e6f82f734b4cbeaebcb7f18422a79a0beccb  J2-65-R7-RationalSection.py
1c1bdfc1b7f0d9160aa185e7409eb305d4263aa29a8f4808dd5af5370043ff23  J2-65-R7-Regression.py
d6b8a087a599b4146f4ec13dc012fd0f9835d104a16def73ff00a34c064b7f44  J2-65-R7-Veronese-Conic-Pencil-Report.md
f170b12cbc0c378e29fc66f440fe8030bcb755f4d135333ad3a49050582ed02a  J2-65-R7-certificate.txt
e6b8c6e53bed1400d448859d05aa1c58181eb0fc92546473bcf132d3349c064a  J2_65_R7_common.py
