J2-65-R5 EXECUTION LOG
=======================
UTC=2026-08-17T09:24:29Z

===== J2-65-R5-ReciprocalTube.py =====
R5 RECIPROCAL TUBE CERTIFICATE
RECIPROCAL_TUBE_IDENTITY=PASS
IDENTITY=u-rho^-1=(rho*G-(q-rho))/(q*rho)
SHALLOW_LAW=PROVED_BY_DISTINCT_VALUATION_ULTRAMETRIC: r<g => v_p(u-rho^-1)=r
SUPERCRITICAL_LAW=PROVED_BY_DISTINCT_VALUATION_ULTRAMETRIC: r>g => v_p(u-rho^-1)=g
CRITICAL_INTERFACE=PROVED: q-rho=p^g*eps, G=p^g*c_p^g => v=g+v_p(rho*c_p^g-eps)
CRITICAL_c2=5;CRITICAL_c5=2
RECIPROCAL_POLYNOMIAL_COUNT=7
RECIPROCAL_POLYNOMIAL_AUDIT=PASS
SIMPLE_ROOT_PRESERVATION=PASS via derivative unit factor -rho^(2-d)
OUTPUT=J2-65-R5-ReciprocalDeterminants.tsv

===== J2-65-R5-CyclotomicComplement.py =====
R5 CYCLOTOMIC COMPLEMENT CERTIFICATE
STRUCTURAL_RELATION=uq=10^g+1
FINITE_DEPTH_RECIPROCAL_CONGRUENCE=PROVED
PROOF: m<=g => 10^g=0 mod p^m => qu=1 mod p^m; q is a p-unit, hence u=q^-1 mod p^m
RECIP: q=rho mod p^m => u=rho^-1 mod p^m
A_TUBE_TRANSFER=PROVED: p=5 same depth; p=2 depth gains exactly 1 under A=2u+1
BDET_TRANSFER=PROVED: v5(Bdet-q)=g; v2(Bdet-q)=g+1 for Bdet=2*10^g+q
CYCLOTOMIC_ORDER_THEOREM=PROVED
ORDER_PROOF: if n=ord_q(10), order of 10^g is n/gcd(n,g)=2 because 10^g=-1 mod q and q is odd; set d=gcd(n,g), then n=2d, d|g, gcd(2,g/d)=1, so g/d is odd
Q_PRIME_ASSUMED=FALSE
ORD_q_EQ_2g_ASSUMED=FALSE
COMPOSITE_q_ALLOWED=TRUE
CYCLOTOMIC_BLOCK_ASSUMPTION_q_DIVIDES_Phi_2g=FALSE

===== J2-65-R5-TubeDepthCeilings.py =====
R5 TUBE DEPTH CEILING CERTIFICATE
QPLUS4_PAIR_BOUND=PROVED
QMINUS2_PAIR_BOUND=PROVED
THREEQPLUS2_PAIR_BOUND=PROVED_WITH_PARITY_AND_ODD_q_ADMISSIBILITY
RATIONAL_TUBE_ASYMPTOTIC_SLOPE=0.7153382790366967
RATIONAL_TUBES_SHALLOW_FOR_LIVE_g_GE_4=PROVED (indeed q+4 and 3q+2 for g>=2; q-2 for g>=1)
ALGEBRAIC_TUBE_DEPTH_CEILINGS=PROVED
GENERIC_PAIR_THEOREM=p^(m+min(m,g)) <= C_D*C_Dvee*(10^g+1)^degree
TUBES_WITH_GLOBAL_DEPTH_CEILING=7
OUTPUTS=J2-65-R5-RationalTubeBounds.tsv,J2-65-R5-TubeDepthCeilings.tsv

===== J2-65-R5-InternalDisjunctions.py =====
R5 INTERNAL DISJUNCTION CERTIFICATE
INTERNAL_DISJUNCTION_DNF=PASS
FIBRE_COUNT=9
C3_DISJUNCTS_TOTAL=132
C3_CLOSED_BY_R4_FIXED_DEPTH=21
C3_CLOSED_BY_R5_TUBE_CEILING=0
C3_SURVIVING=111
C3_SINGLE_OR_CONIC_OBSTRUCTION=PROVED_PRESENT
ALL_C3_MAP_TO_DETERMINANT_TUBE=FALSE
WHY=single-bracket lift and conic lift strata are exact inherited C3 alternatives; DET-GCD needs two simultaneous linear brackets
ROW_INTERNAL_AMBIENT_TUBES=p2:D8_only_unbounded_pair; p5:q+4_with_optional_D9_extra
P5_TWO_LINEAR_C3_SUPPORTS_FORCED_TO_q_EQ_1_MOD5=24
OUTPUTS=J2-65-R5-InternalDisjunctions.tsv,J2-65-R5-C3TubeMap.tsv

===== J2-65-R5-AdelicPinning.py =====
R5 ADELIC PINNING CERTIFICATE
ADELIC_CRT_THEOREM=PROVED
Q_PINNING_THRESHOLD=2^m2*5^m5>q
U_PINNING_THRESHOLD=2^min(m2,g)*5^min(m5,g)>u
ADELIC_PINNING_CASES=0_FORCED
DETERMINISTIC_q_SEQUENCES=0
DETERMINISTIC_u_SEQUENCES=0
PIN_PRODUCT_INTERFACE=PROVED_CONDITIONAL
OUTPUT=J2-65-R5-AdelicPinning.tsv

===== J2-65-R5-CellRefinement.py =====
R5 CELL REFINEMENT CERTIFICATE
R4_PATTERN_FIBRES=9
C3_DISJUNCTS_TOTAL=132
C3_CLOSED_BY_R4_FIXED_DEPTH=21
C3_CLOSED_BY_R5_TUBE_CEILING=0
C3_SURVIVING=111
C2_ONLY_FIBRES=0
R5_SURVIVING_BRACKET_FIBRES=9
FORCED_LINEAR_ZERO_LOCI=0
FORCED_CONIC_LOCI=0
QGT1_STATUS=OPEN
NEXT_UNIQUE_OBJECT=SINGLE_BRACKET_PROJECTIVE_TUBE_ASSIGNMENT_X_TWO_PLACE_SAME_GENERATOR_ALIGNMENT_X_C2_AFFINE_TIE_GEOMETRY
OUTPUTS=J2-65-R5-RefinedFibres.tsv,J2-65-R5-certificate.txt,J2-65-R5-Cyclotomic-Reciprocal-Tube-Report.md

===== Python compile regression =====
PY_COMPILE=PASS

===== Required artifact audit =====
PRESENT J2-65-R5-Cyclotomic-Reciprocal-Tube-Report.md
PRESENT J2-65-R5-ReciprocalTube.py
PRESENT J2-65-R5-CyclotomicComplement.py
PRESENT J2-65-R5-TubeDepthCeilings.py
PRESENT J2-65-R5-InternalDisjunctions.py
PRESENT J2-65-R5-AdelicPinning.py
PRESENT J2-65-R5-CellRefinement.py
PRESENT J2-65-R5-ReciprocalDeterminants.tsv
PRESENT J2-65-R5-RationalTubeBounds.tsv
PRESENT J2-65-R5-TubeDepthCeilings.tsv
PRESENT J2-65-R5-InternalDisjunctions.tsv
PRESENT J2-65-R5-C3TubeMap.tsv
PRESENT J2-65-R5-AdelicPinning.tsv
PRESENT J2-65-R5-RefinedFibres.tsv
PRESENT J2-65-R5-certificate.txt
REQUIRED_ARTIFACT_AUDIT=PASS

===== SHA256 =====
7c2c739201a14b9b3059b3186b2c558edfb54a29c1baf8085c8a2790217ae407  J2-65-R5-Cyclotomic-Reciprocal-Tube-Report.md
eb7f53993ffa955be28a334c8cbb16cd40d09098a4a4fa441b75a60e7622a5b6  J2-65-R5-ReciprocalTube.py
39943e2f07bf26cbcdfb1715312d0be800a931f9c808a092f84a5c03317984a7  J2-65-R5-CyclotomicComplement.py
cec9c20857a5c00aaad00c9eedc62995cccf0d2de5764a4861438131b512b425  J2-65-R5-TubeDepthCeilings.py
fddcd847977c0c2afc0188018e99c512017e06740f4182630b0f3b93bed381d6  J2-65-R5-InternalDisjunctions.py
4ae57b2016dd9919e5ae1c2c5c9813b41b4796c465fd65dd35d3ed6248480bb8  J2-65-R5-AdelicPinning.py
10e4efc0639a28d0ade2b903d6a843a3e85f879030981f267e2d43ea3198a816  J2-65-R5-CellRefinement.py
cb37843764c2322e643d2a2f77b026e40107320cf3ca8bb8845e1d033917125f  J2-65-R5-ReciprocalDeterminants.tsv
3be246ba31b0437926d3e95c9f2a1b72d38c6292f8ccc7730adc21d15b69850d  J2-65-R5-RationalTubeBounds.tsv
36cc66d55bdcfd4a5a6ffce621e6818464d028eb1642de06467663c5e4809f94  J2-65-R5-TubeDepthCeilings.tsv
054a6c072e1c12a352b4b70499eac7b9f77819b746bb26cbe8ce2b04f8b4075b  J2-65-R5-InternalDisjunctions.tsv
4df84ace66bf84b312a0b6276ba0b0b97d03006ae9a7d5f1a22e1eb4e3173116  J2-65-R5-C3TubeMap.tsv
ca4b82689dadf784617480d1e8d7611e7c0f3140e90d750c7bf63f8b359da420  J2-65-R5-AdelicPinning.tsv
0c9558d7f791598a66e0a66feebbfa6e967563907b87d97ca32e44b9b6badb3d  J2-65-R5-RefinedFibres.tsv
170d54cf53c135a1ef5660fd08ff48b99a6b040984de94adea59a4b998e5552c  J2-65-R5-certificate.txt
fe131a4f07ee4f4478a84b8dcc2bd435a6db90e35f95357bab445bef7edd48b5  J2_65_R5_common.py
