J2-65 R17 EXECUTION LOG
========================

SYNTAX_PASS=J2-65-R17-CyclotomicElimination.py
SYNTAX_PASS=J2-65-R17-InfrastructurePhase.py
SYNTAX_PASS=J2-65-R17-NormLatticeDescent.py
SYNTAX_PASS=J2-65-R17-OrthogonalComposition.py
SYNTAX_PASS=J2-65-R17-PhaseUnwrapping.py
SYNTAX_PASS=J2-65-R17-PowerTenToric.py
SYNTAX_PASS=J2-65-R17-QFreeNearSquare.py
SYNTAX_PASS=J2-65-R17-Regression.py
SYNTAX_PASS=J2-65-R17-SourceNormBridge.py
SYNTAX_PASS=J2-65-R17-SplitEtaleLocus.py

===== J2-65-R17-CyclotomicElimination.py =====
C_EQUALS_qA=PASS
GA_PLUS_1_EQUALS_uB=PASS
R_F_EQUALS_q2_TIMES_L0SQ_MINUS_2=PASS
T_EQUALS_q*T0=PASS
-DELTA_FIB_EQUALS_q2*N0=PASS
N0_EQUALS_R9_GAUSSIAN_N=PASS
R7_R9_DISCRIMINANT_BRIDGE=PROVED
RETURN_CODE=0
===== J2-65-R17-InfrastructurePhase.py =====
S0=P0*K+Q0
P0=2*u*G^3*A
Q0=20*u
R0=F0*W0
g_GE_2_PHASE_GCD=gcd(P0,R0)=800*G*A
PHASE_MODULUS=m_ph=((G*A+2)/2)*(u^2+(G^2*A/20)^2)
PHASE_STEP=c_ph=u*G^2/400
GCD_mph_10=1
GCD_mph_u=1
GCD_cph_mph=1
NORMALIZED_PHASE_ORBIT=psi_k=c_ph*10^k mod m_ph
NUMERICAL_FACTORING_USED=FALSE
RETURN_CODE=0
===== J2-65-R17-NormLatticeDescent.py =====
q_ELIMINATION_FIELD_LEVEL=TRUE
q_ELIMINATION_ORDER_LEVEL=PARTIAL
q_ELIMINATION_SOURCE_LATTICE_LEVEL=PARTIAL
q_ELIMINATION_DIGIT_SHELL_LEVEL=PARTIAL
Q_FREE_SOURCE_NORM_CORE=PARTIAL
RESIDUAL_q_DEPENDENCE_REASON=SOURCE_LATTICE_INDEX/COSET_AND_ORDER_CONDUCTOR
LEGAL_NORMALIZED_EQUATION=rN^2-D0*(q^2*vN)^2=(20*G^2*q^4*(G+1)/C_extra)^2*F0*N0*h^2
ILLEGAL_RATIONAL_DIVISION_USED=FALSE
q_SURVIVES_AS_INTEGRAL_SCALE_NOT_INDEPENDENT_BASE_COORDINATE=TRUE
RETURN_CODE=0
===== J2-65-R17-OrthogonalComposition.py =====
S0=U0*T0+V0
J0=U0-V0*T0
GAUSSIAN_PRODUCT=(U0-i*V0)*(T0+i)=S0+i*J0
LAGRANGE_IDENTITY=S0^2+J0^2=W0*(T0^2+1)
MASTER_COMPOSITION=D0+J0^2=W0*N0
ORTHOGONAL_SIMILITUDE_MATRIX=[[U0,V0],[-V0,U0]]
M0T_M0_EQUALS_W0_I=PASS
CYCLOTOMIC_ORTHOGONAL_COMPOSITION_THEOREM=PROVED
RETURN_CODE=0
===== J2-65-R17-PhaseUnwrapping.py =====
EXACT_RESONANCE_IMPLIES_k_LT_2g=PASS
K_LT_G2=PASS
NORMALIZED_PHASE_NO_WRAP=0<c_ph*K<m_ph PROVED for g>=2
FULL_PHASE_NO_WRAP=0<S0<R0 PROVED for g>=2
g_EQUALS_1_FIXED_EXCEPTION_PRESENT=TRUE
g_EQUALS_1_FIXED_EXCEPTION_AUDITED=TRUE
g_EQUALS_1_DATA=G10,u1,q11,k1,K10,S0=60020,R0=86784000
g_EQUALS_1_STARTED_NEW_BRANCH=FALSE
INFRASTRUCTURE_PHASE_PERIODICITY=RETIRED
INFRASTRUCTURE_PHASE_WRAP_AROUND=IMPOSSIBLE
MULTIPLICATIVE_ORDER_STAGE_TRIGGERED=FALSE
RETURN_CODE=0
===== J2-65-R17-PowerTenToric.py =====
TORIC_BASE=T10={(G,K)=(10^g,10^k):0<k<2g}, with u|(G+1)
q_RECOVERY=(G+1)/u
N0= 4*G**2*K**2*u**2 - 4*G**2*u**2 - 4*G**2*u - G**2 - 4*G*u - 2*G + 1
S0= 4*G**3*K*u**2 + 2*G**3*K*u + 20*u
J0= 2*G**2*u + G**2 - 40*G*K*u**2
N0_SUPPORT_SIZE= 7
S0_SUPPORT_SIZE= 3
J0_SUPPORT_SIZE= 3
D0_DEGREE_IN_K= 2
EXACT_ZERO_LOCUS_FOR_S_UNIT_STAGE=NOT_FORCED
S_UNIT_STAGE_TRIGGERED=FALSE
RETURN_CODE=0
===== J2-65-R17-QFreeNearSquare.py =====
U0=G^2*A
V0=20*u
W0=U0^2+V0^2
F0=(GA+1)^2-1=GA*(GA+2)
R_D_EQUALS_q4*F0*W0=PASS
S_D_EQUALS_q2*S0=PASS
D_BOUNDARY_EQUALS_q4*D0=PASS
E_PARTIAL_EQUALS_q4*F0*N0=PASS
q_ELIMINATED_FROM_NORMALIZED_NEARSQUARE_CORE=TRUE
RETURN_CODE=0
===== J2-65-R17-Regression.py =====
R17_REGRESSION=PASS
R16_UNIT_ORBIT_REOPENED=FALSE
PELL_ENUMERATION_USED=FALSE
CONTINUED_FRACTIONS_USED=FALSE
FACTOR_u_USED=FALSE
FACTOR_R0_USED=FALSE
MULTIPLICATIVE_ORDER_COMPUTATION_USED=FALSE
GAUSSIAN_HERMITIAN_REOPENED=FALSE
OLD_C2_C3_TUBES_REOPENED=FALSE
q1_REOPENED=FALSE
GENERAL_J_REOPENED=FALSE
RETURN_CODE=0
===== J2-65-R17-SourceNormBridge.py =====
R9_GAUSSIAN_TARGET=N0
BOUNDARY_RADICAND=D0
CANONICAL_GAUSSIAN_FACTOR=U0-i*V0
EUCLIDEAN_PARAMETER_SIMILITUDE=PROVED
SCHUR_COMPLEMENT_FUNCTORIAL_IDENTITY=PROVED
R9_TO_R16_SOURCE_NORM_BRIDGE=FORMAL_IDENTITY_ONLY
REASON=M0 acts on parameter vector (T0,1), not on the R16 source norm lattice coordinates (rN,vN,h); no integral converse/coset/order map is proved
BOUNDARY_NORM_ARITHMETIC_INDEPENDENT_OF_R9=UNRESOLVED_AT_SOURCE_LATTICE_LEVEL
RETURN_CODE=0
===== J2-65-R17-SplitEtaleLocus.py =====
D_SQUARE_IFF_D0_SQUARE=PROVED because D=q^4*D0
SPLIT_ETALE_LOCUS_q_FREE=TRUE
SPLIT_COMPOSITION_EQUATION=Y^2+J0^2=W0*N0
D0_QUADRATIC_IN_K=TRUE
D0_K_DISCRIMINANT=4*P0^2*R0
SPLIT_CURVE_OVER_Q(G,u)=GENUS_0_CONIC
TORIC_FACTOR_FORM=(S0-Y)*(S0+Y)=R0
SPLIT_LOCUS_RELATION_TO_R9_NORM=FIXED_COORDINATE_GAUSSIAN_INCIDENCE_NOT_AUTOMATIC
RETURN_CODE=0

===== ARTIFACT AUDIT =====
PRESENT J2-65-R17-Cyclotomic-Composition-Report.md
PRESENT J2-65-R17-CyclotomicElimination.py
PRESENT J2-65-R17-QFreeNearSquare.py
PRESENT J2-65-R17-OrthogonalComposition.py
PRESENT J2-65-R17-NormLatticeDescent.py
PRESENT J2-65-R17-InfrastructurePhase.py
PRESENT J2-65-R17-PhaseUnwrapping.py
PRESENT J2-65-R17-SplitEtaleLocus.py
PRESENT J2-65-R17-SourceNormBridge.py
PRESENT J2-65-R17-PowerTenToric.py
PRESENT J2-65-R17-Regression.py
PRESENT J2-65-R17-CyclotomicDictionary.tsv
PRESENT J2-65-R17-QFreeNearSquare.tsv
PRESENT J2-65-R17-CompositionIdentity.tsv
PRESENT J2-65-R17-NormLatticeDescent.tsv
PRESENT J2-65-R17-InfrastructurePhase.tsv
PRESENT J2-65-R17-SplitEtaleLocus.tsv
PRESENT J2-65-R17-SourceNormBridge.tsv
PRESENT J2-65-R17-PowerTenToric.tsv
PRESENT J2-65-R17-certificate.txt

===== SHA256 =====
0a4a0877c892421c32acbf45710d372ab32667929afea0138c8da0102a9cacf1  J2-65-R17-CompositionIdentity.tsv
15cf8ba1fc8e8f142a6225c3042d2e87c216f2c7115f8f6ebcc795e4e8d28513  J2-65-R17-Cyclotomic-Composition-Report.md
1f032de85ec8772b4bcf1348283aa43796b5a9c6a36df82ca676e4d5a881b271  J2-65-R17-CyclotomicDictionary.tsv
dc3087e8e68ba8d4c949e12833b1ad0dbd5210a3450a57e19372ca65c816867a  J2-65-R17-CyclotomicElimination.py
8a9f9882b85116e6ecd67618b15188ccdd57d19ead0a3281a26955eaba92713d  J2-65-R17-InfrastructurePhase.py
69028cdf480f869fafa1e6e3af1c876f01c502fc2594bf7fc96238d223cee4d5  J2-65-R17-InfrastructurePhase.tsv
bb8cfc6c2968cff83b4a3ecfe4dad68be13b1502391f1847cb707e9950b2c541  J2-65-R17-NormLatticeDescent.py
2afb8211ed503e8720817c78be3436d40b1a5cf3f1fa52b9b170524cc306e971  J2-65-R17-NormLatticeDescent.tsv
aeadc0cea30657bddd27b5edca9714d93aeb86a3cd2d82c8e29c1ee541d990a7  J2-65-R17-OrthogonalComposition.py
4a2f5e49a1b99240b83f91b307c70771c210853c8ce4528b00f7127e47f30087  J2-65-R17-PhaseUnwrapping.py
7202e356063d188b42afac4917ee00e39eb6d5f520a2fe53e21cd8b349db7a48  J2-65-R17-PowerTenToric.py
b25d1de59f28a4aab4935a9593a0d70a423b9d74ad01603c357792cb736d4918  J2-65-R17-PowerTenToric.tsv
f5b30c596caa47747a1513caf7f08362281c389bd45921c7777a161d70db1a7c  J2-65-R17-QFreeNearSquare.py
3d874a5007ce4b78b2532b8175a0ce43ca29aef946acd0f25f3ee1a62e1eb002  J2-65-R17-QFreeNearSquare.tsv
e275dcef309f1e0ca50b8e14ead7d90d6a3e45a6fd4fc7fc3341982ecf7a59f6  J2-65-R17-Regression.py
2c5d9467688f522d4dbfed15980ab6637118d4e19567cc6226ddd5828a935eed  J2-65-R17-SourceNormBridge.py
89e2e8d95d02b071ebb43ea444377137b45c419986fe81a531301e75757a0c52  J2-65-R17-SourceNormBridge.tsv
203b8adbc908fb979b259ddb2c93ea0d0998cf721ce8c0057559a0e224b1aa46  J2-65-R17-SplitEtaleLocus.py
5ced0b3abfeae900db42046f56d8b29fd9bfe1fbe039489a4a4a5a24b11dd189  J2-65-R17-SplitEtaleLocus.tsv
7392de5ecd44a407d6a1de03d62a3e9550f77cccfe32a020df3f3e1708c1d77d  J2-65-R17-certificate.txt
J2_STATUS=OPEN
EXECUTION_LOG_SELF_HASH=OMITTED_BY_DESIGN
