J2-65 R20 EXECUTION LOG
================================
RUN_CONTEXT=Exact symbolic replay; no prime factorization/residue enumeration/valuation ladder/fixed-fibre scan.

===== SUCCESSFUL SCRIPT EXECUTION SUMMARY =====
SEMANTIC_SOURCE_ROW_TRANSPORT=PASS
Y_PARTIAL_EQUALS_20V=PASS
THETA_D_POLYNOMIAL_INTEGRAL=TRUE
EXACT_RULING_FACTOR=Q0=L_MINUS*L_PLUS-G*PSI_G
L_MINUS_PULLBACK_DIVISIBLE_BY_G=TRUE
L_PLUS_PULLBACK_MOD_G=800*q^3*a
SEMANTIC_RULING_ALIGNMENT=MIXED_THICKENING
SEMANTIC_H_TRANSVERSALITY_INDEX=M0
SEMANTIC_RULING_DEFECT_MODULE=Z/gcd(M0,800)Z
CONDUCTOR_INTEGRAL_POINT_BIJECTION=PROVED
SEMANTIC_MODEL_GENERIC_FIBRE=ISOMORPHIC_TO_Q0
SEMANTIC_INTEGRAL_POINTS=EXACTLY_SOURCE_PACKET_KERNEL
R15_SOURCE_MODEL_TO_R20_SEMANTIC_MODEL=INTEGRAL_ISOMORPHISM
SEMANTIC_MODEL_BAD_REDUCTION=REDUCED
SEMANTIC_VERONESE_PACKET_PULLBACK=IDENTICALLY_ZERO
SEMANTIC_FINITE_ADMISSIBILITY=PROVED
SEMANTIC_CONDUCTOR_RULING_LIFTING=PROVED
FINITE_SOURCE_PACKET_RETIRED=TRUE
R15_R20_LAYER_RETIRED=TRUE

===== REGRESSION =====
SCRIPT_PASS_COUNT=10
REQUIRED_ARTIFACT_AUDIT=PASS
PRIME_FACTORIZATION_USED=FALSE
RESIDUE_ENUMERATION_USED=FALSE
HENSEL_LADDER_USED=FALSE
PELL_UNIT_REOPENED=FALSE
FIXED_g_k_q_SCAN_USED=FALSE
ITERATED_BLOWUP_TREE_USED=FALSE
CERTIFICATE_REGRESSION=PASS

===== ARTIFACT AUDIT / SHA256 =====
PRESENT J2-65-R20-Semantic-Conductor-Ruling-Report.md bytes=21870 sha256=4f7a24d6eefa0e021da2bae7ab1f5aff01eaaad6c3ac09112ce3b603ce51e00d
PRESENT J2-65-R20-SemanticRowTransport.py bytes=2959 sha256=5d7adb68cbfb178ae6b842245d05363fa1ebd537b341064e24a7c0fcb804c4c9
PRESENT J2-65-R20-RulingFactorization.py bytes=1465 sha256=20a2e8511eefd143cea4c3c41e3f26099a4d51605649e3536b66251b5f246441
PRESENT J2-65-R20-RulingAlignment.py bytes=2965 sha256=591a789d53d0993467d1399bde258e830936b664cb69e6a3a202408e1b1962e3
PRESENT J2-65-R20-ConductorDilatation.py bytes=918 sha256=e1187399546ded8825b7f7eb0a158ff4b29ed950cbcca77224814334f8adece2
PRESENT J2-65-R20-SemanticModel.py bytes=1841 sha256=9b4d5e8d91935efacd503c4cc77916f9d1d8bfdd29d048e5c4d6c477bc081ffe
PRESENT J2-65-R20-SemanticSaturation.py bytes=1848 sha256=f050a95c160973d2d1526011c907ca2755f7476b82a1bc81762eb45b0b3186a9
PRESENT J2-65-R20-RulingResolution.py bytes=1351 sha256=c19daa3aab60f23cdf9de5a4b7e282a71f815a5a607f09facaa641d052c7a4fd
PRESENT J2-65-R20-SemanticVeronese.py bytes=2600 sha256=21754ea877953ade69f09acca0e6bf083a8b04dc9d7093510d341e37b0016993
PRESENT J2-65-R20-Lifting.py bytes=2578 sha256=539a8b51237c7a6fd4bccb899f22c6711cc01dd47e46a852fb113208d8be477d
PRESENT J2-65-R20-DigitShell.py bytes=1302 sha256=619ad591f8c49cb93cb3b624be46fdb594a59b19de234659aae57c47591ba98d
PRESENT J2-65-R20-Regression.py bytes=2266 sha256=fa62e80827cc0f885d17c0688fb64ad5ed903753afd066ccd491112810fdf5ff
PRESENT J2-65-R20-SemanticRowTransport.tsv bytes=2476 sha256=675ae2447d8b1ce0dbcc3315a19d17c12d2174c3b40651101e76d69fe4fef5ba
PRESENT J2-65-R20-RulingFactorization.tsv bytes=1062 sha256=e1feebf879b07b203b80e327864cfc690a2f9a286a9ae13d0c7f96c85b49c55e
PRESENT J2-65-R20-RulingAlignment.tsv bytes=361 sha256=77808a6e65960d06f855e35b2988877711b56b17d4bb462b09057cf49d565eaa
PRESENT J2-65-R20-SemanticModel.txt bytes=2617 sha256=5df30129900577b1be0e24af291e10fc9a34fdd0aa123544ddde31daf19837b5
PRESENT J2-65-R20-SemanticSaturation.tsv bytes=407 sha256=b6d64cc430256f7fa4e5efd40b89c7513b14103b5c7ce018e73baf46f09cc45d
PRESENT J2-65-R20-RulingResolution.tsv bytes=277 sha256=5fc14d30066b5f6aa98bfea94d16ce77c7ba1d8661331035b00ac5bfe62236f5
PRESENT J2-65-R20-SemanticVeronese.tsv bytes=1417 sha256=00346813f96a981b07816fc18f420677081d648c32eb5a667d02c8bb7984efb7
PRESENT J2-65-R20-Lifting.tsv bytes=637 sha256=9d7928f0f53d7e8fd42b7630314c71658bc180c3f23eaef7803a9db49db2cfa8
PRESENT J2-65-R20-DigitShell.tsv bytes=952 sha256=9f42c3c0e7c36882cbb48d2d62120799ad295a21314bb8f0bad5099488f26cf8
PRESENT J2-65-R20-certificate.txt bytes=2574 sha256=d4f0c8cfe7ab1944e92e6528bb1ffac7ee25ded5b9062f701c2e5162955b48bb

===== FINAL VERDICT =====
SEMANTIC_CONDUCTOR_RULING_LIFTING=PROVED
FINITE_SOURCE_PACKET_RETIRED=TRUE
q_GT_1_CLOSED=FALSE
J2_STATUS=OPEN
NEXT_UNIQUE_ACTION=FRESH_INDEPENDENT_J2_OBSTRUCTION_AUDIT
