===== J2-65-R6-TwoRowMaster.py =====
J2-65 R6 TWO-ROW MASTER CERTIFICATE
TWO_ROW_MASTER_REGRESSION=PASS
ROW_P_DEGREE=4
ROW_S_DEGREE=4
ROW_P_CONTENT=1
ROW_S_CONTENT=4*d*q**2*x*(q + 4)*(q**3 + 10*q**2 + 12*q + 8)
S_PRIMITIVE_FACTOR_X_PLUS_1=PROVED
S_PRIMITIVE_REDUCED_DEGREE=3
ELAPSED=1.37

===== J2-65-R6-PrimitiveRowPair.py =====
J2-65 R6 PRIMITIVE ROW-PAIR CERTIFICATE
PRIMITIVE_ROW_PAIR_THEOREM=PROVED
ROW_RATIO_POWER_OF_TEN=PROVED
ROW_EXPONENT_d_EQUALS_k_MINUS_g=PROVED
ROW_EXPONENT_d_EQUALS_g_MINUS_ell=PROVED
V2_ROW_DIFFERENCE=PROVED
V5_ROW_DIFFERENCE=PROVED
ADELIC_ROW_VALUATION_DIAGONAL=PROVED
OFF_TEN_VALUATION_SYNCHRONIZATION=PROVED
ELAPSED=0.51

===== J2-65-R6-RowResultant.py =====
J2-65 R6 ROW RESULTANT CERTIFICATE
ROW_RESULTANT_STATUS=NONZERO
FULL_PRIMITIVE_RESULTANT_FACTOR_COUNT=10
POSITIVE_ROOT_RESULTANT_FACTOR_COUNT=8
RESULTANT_IDENTITY_RWHOLE_EQUALS_PMINUS1_TIMES_RPOS=PASS
P_MINUS_ONE_FACTOR_COUNT=3
L_ROW=-alpha*q**4 - 10*alpha*q**3 - 28*alpha*q**2 - 32*alpha*q - 16*alpha + 4*d*q**6*t + 40*d*q**5*t + 72*d*q**4*t - 128*d*q**3*t - 384*d*q**2*t - 384*d*q*t - 128*d*t
W_ROW_SHA256=171a701dfeb2aab9c4aedbd5e5c62236733e3ab49c35aa4eabfee902b7fa83b3
ELAPSED=12.00

===== J2-65-R6-RowSubresultant.py =====
J2-65 R6 ROW SUBRESULTANT CERTIFICATE
ROW_SUBRESULTANT_LEVELS=4,4,3,2,1,0
SRES_0_DEG=4 CONTENT=1 SHA256=43f33aef673443e15b6584abf009b5373cbbfab36036e642ad5086cab068b69e
SRES_1_DEG=4 CONTENT=1 SHA256=5d5e90b90cfe49498067d2ec9652329568fc11937d9c73ecad1f26135ee1fbc0
SRES_2_DEG=3 CONTENT=alpha*(q + 4) SHA256=149eddc0faa4eede7ebd97c7be522580d5a14537d2a539d71233fb2ec5a402f0
SRES_3_DEG=2 CONTENT=alpha**2*q*(q + 4)**2 SHA256=0abd7c6f52c080e0b2850b823dd9093406ce4951897cabbc351c25abdc7b4dfc
SRES_4_DEG=1 CONTENT=alpha**2*q**3*(q + 4)**2 SHA256=7ed8fff6bf126135ba142dce86be6072a8c4c632401e633a84e0f260483985cd
SRES_5_DEG=0 CONTENT=FULL_RESULTANT_SEE_RowResultantFactors.tsv SHA256=60d51498b985d3c9f01444b8bdc8c848b2d63a77e7dddcf557d6b6a97e74f310
GENERIC_GCD_DEGREE=0
GENERIC_SYLVESTER_RANK=8
ELAPSED=22.80

===== J2-65-R6-CoefficientSyzygy.py =====
J2-65 R6 COEFFICIENT IMAGE CERTIFICATE
COEFFICIENT_LINEAR_MAP_RANK=6
FIXED_Q_IMAGE_DIMENSION=2
GLOBAL_IMAGE_DIMENSION=3
GLOBAL_IMAGE_CODIMENSION_IN_P9=6
LINEAR_SYZYGY_DIMENSION_OVER_Q(q)=4
LATENT_VERONESE_QUADRICS=6
COEFFICIENT_MATRIX_2x5_GENERIC_RANK=2
JACOBIAN_SAMPLE_DET=111276112/5
ELAPSED=6.42

===== J2-65-R6-Regression.py =====
J2-65 R6 REGRESSION CERTIFICATE
R2_EXACT_MASTER=PASS
R3_FINE_CELLS_REOPENED=FALSE
R4_BRACKETS_REOPENED=FALSE
R5_FINE_STRATA_REOPENED=FALSE
Q1_TWO_ROW_DECOMPOSITION=PASS
ELAPSED=1.38

===== ARTIFACT AUDIT =====
PRESENT J2-65-R6-TwoRow-Master-Resultant-Report.md
PRESENT J2-65-R6-TwoRowMaster.py
PRESENT J2-65-R6-PrimitiveRowPair.py
PRESENT J2-65-R6-RowResultant.py
PRESENT J2-65-R6-RowSubresultant.py
PRESENT J2-65-R6-CoefficientSyzygy.py
PRESENT J2-65-R6-Regression.py
PRESENT J2-65-R6-RowPolynomials.txt
PRESENT J2-65-R6-TwoRowDecomposition.tsv
PRESENT J2-65-R6-RowContentLedger.tsv
PRESENT J2-65-R6-RowResultantFactors.tsv
PRESENT J2-65-R6-SylvesterStructure.tsv
PRESENT J2-65-R6-R4KernelRegression.tsv
PRESENT J2-65-R6-CoefficientSyzygies.tsv
PRESENT J2-65-R6-R5Regression.tsv
PRESENT J2-65-R6-certificate.txt
PRESENT J2-65-R6-execution.log

===== SHA256 =====
7da80e10e932dafda1dad608ebb3e01fede776527755cd523df2f6afb5a935fd  J2-65-R6-CoefficientMap.txt
b7e04acf6ad7e8b93d26c902638e76fbf91208efa08d91955f6e73155a6e3a57  J2-65-R6-CoefficientSyzygies.tsv
a9c896f3fa5a8b7bfbea17cc1e1c19379f1b141a2fe4c0d87a6686a3c80054f2  J2-65-R6-CoefficientSyzygy.py
3201cf2364a4c7303114acfe70e8fa75b33460703cbbde3b5b8491b2e81e9e3e  J2-65-R6-PrimitiveRowPair.py
f34ead7991c3411a6bcd5f273c71119618e44d73cfe5d199d726c71f22019fc7  J2-65-R6-R4KernelRegression.tsv
b81375c807f75190b7f3f83fee5d34f41eb0561f70b62e9fa25a4213a8a294d0  J2-65-R6-R5Regression.tsv
b3899934ca1251a8f902154af041b4d7539ed0c6636e05bb00be2aafd32846fc  J2-65-R6-Regression.py
fd1f47bf53662bd6494c5793d27155b37c5864b17e703971ac343324c5c51871  J2-65-R6-RowContentLedger.tsv
54701a73fa1e4b15693f9a3d8d8dae94db105e507ac5dc127c187533dfa11112  J2-65-R6-RowPolynomials.txt
935cbde0ae7ac10714a1775357c6ec0716c3eae196a06c853ca3402e1ee39ca7  J2-65-R6-RowResultant-factorized.txt
e27f5194891136558745cd1fedfc08ecf14463396601c18efe16d988590ecf46  J2-65-R6-RowResultant-hash.txt
5dc6087025c70346f36687310b80ce910f934d058d345a8664426c14f38eb327  J2-65-R6-RowResultant.py
27938035692e75cd30ebca2473f1b002c38c16d75b473c8958e0336bd8a4ef9b  J2-65-R6-RowResultantFactors.tsv
3036b84d3642794d8a41c5427cc94a5899e43768a1a5277fad3ff8d247f5ea54  J2-65-R6-RowSubresultant.py
7a0e6d66013720ee97de12b962f9d0bb886acb1aa0341f8075bb3e500e4782ad  J2-65-R6-SylvesterStructure.tsv
cf1e1200a9de55524ed37c9ec643cf5489b6391d26baa082da839743e68c1230  J2-65-R6-TwoRow-Master-Resultant-Report.md
42dad55be25f007ac115a4ccf67b7ac4f02da509da1f10b4ada4c3e99fcc6d55  J2-65-R6-TwoRowDecomposition.tsv
2c9e22ee256bd3f8114ee76073a50296fa211377fe9910a65f63a6e3596026a3  J2-65-R6-TwoRowMaster.py
d99724ac107c45e7bb6e01c91b497a29e21f3eb6095a247265f68aa014768328  J2-65-R6-certificate.txt
dbb3ae2a89398d3fd5d3cabacf33f3a9f0baae840996b009950c515baf4f90d9  J2_65_R6_common.py
