J2-65 R14 REGRESSION
=====================
SCRIPT_PASS=J2-65-R14-ModUAutomaticity.py
SCRIPT_PASS=J2-65-R14-PrimitiveApproximation.py
SCRIPT_PASS=J2-65-R14-RadialWindow.py
SCRIPT_PASS=J2-65-R14-WholeModulusCovering.py
SCRIPT_PASS=J2-65-R14-BoundaryTransference.py
SCRIPT_PASS=J2-65-R14-ProjectiveBoundary.py
SCRIPT_PASS=J2-65-R14-PrimitiveHeight.py
SCRIPT_PASS=J2-65-R14-PowerTenShell.py
REQUIRED_ARTIFACT_AUDIT=PASS
FACTOR_u_USED=FALSE
PRIME_RESIDUE_CASES_USED=FALSE
RAY_ENUMERATION_USED=FALSE
MULTIPLIER_ENUMERATION_USED=FALSE
FIXED_q_g_k_USED=FALSE
SHA256_BEGIN
5e516420e1f6b91e8bbed31a24aa2b92adfa43396e8f1dff4717336cfb993812 J2-65-R14-Adelic-Primitive-Shell-Report.md
dc4f12a2052bc0d3c12fa52a3e8428d2344aa2fe736a5bf913ba59f99e1b57fd J2-65-R14-ModUAutomaticity.py
64cd7149e788f68ec1211fa6f4dc99bf046ec291e200781a0b1334ac8bc4c74f J2-65-R14-PrimitiveApproximation.py
571643a5816f98dfbdab6e9dbff2074f9bab53eff08040baf6ac565f49d5859e J2-65-R14-RadialWindow.py
d9f121c6ef9dc2fbbfcb6d6ed6c66241d14dcc4f5171fd4bc139a41f2aab7694 J2-65-R14-WholeModulusCovering.py
9f361a12c9858bf206f86ff47ac27e1fae1393289191afb2bfd605cdac2fb144 J2-65-R14-BoundaryTransference.py
a554c6da45802ea51c8b9e1757cdb95eaed7949d3b42a13be8f7fb34ba345b2d J2-65-R14-ProjectiveBoundary.py
5a18586a25f8fa419649cbd8b8e744b0fa682c1b6642e215f5207241e5e82e27 J2-65-R14-PrimitiveHeight.py
d42ca0bddd0e7ee0c30238383e277bbdbea78e5d76147f46b605a8ff0d8ecc4f J2-65-R14-PowerTenShell.py
08d473b7f4ac5ffcce1ef86553c439654d950d12dbcb0018b58f9f68a1561e26 J2-65-R14-Regression.py
b9c627442c4f20bb45b07e4921ae70db7f06a93b3423fd26986f03620f2bbbd3 J2-65-R14-ModUPrimitiveOpen.tsv
329715d84f6fdddfcc62856affe08bcf9184960ba3a2a8be7d9d3012bf766fe1 J2-65-R14-RadialWindow.tsv
62975551228d4fa6eb581cba0cf162328be2312916c917f84d8c7c68c3c2ead4 J2-65-R14-CoveringRadius.tsv
f163b861726f9f35f95df669d8f055d95239f3eeaee4e34a697254dc385665de J2-65-R14-BoundaryTransference.tsv
7bb43ee4e040144b7a754b7bc2a392f7e180db2ee858dfa88a52f1e204a99cde J2-65-R14-ProjectiveBoundary.tsv
7ad78e8711804bb5140f2dac06f1375cceee12bde212a34d767b386c5f666e56 J2-65-R14-PrimitiveHeight.tsv
c40d8015929bd19e73e479391dbaa90ebaf51ac9d38cfaf71d9130cc6e570955 J2-65-R14-AdelicShell.tsv
f0e141a8f4335361f4fef1a61544b10201e06f613b7a2c6e18e742e90bbd204c J2-65-R14-certificate.txt
SHA256_END
J2_STATUS=OPEN
