SYMBOLIC_FACTOR_BRIDGE=PASS
R_PLUS=(A+B)*S_MINUS
R_MINUS=(B-A)*S_PLUS
FIXED_CHARACTER_CONTROL=PASS
CONTROL_PRIMITIVE_ROW=21,125,549
CONTROL_W=20621;S_PLUS=193;S_MINUS=145
PRIMITIVE_SPHERE_GCD_1_OR_2_CONJECTURE=FALSE
COUNTEREXAMPLE=(60, 7, 24, 65);GCD_S=5
R5C_MOVING_MODULUS_AUDIT_BEGIN
R5C_G=1,C=1001,MOD=2002,M_RES=385,QR=False,ROOT=
R5C_G=2,C=10001,MOD=20002,M_RES=5605,QR=False,ROOT=
R5C_G=3,C=100001,MOD=200002,M_RES=78903,QR=False,ROOT=
R5C_G=4,C=1000001,MOD=2000002,M_RES=1000001,QR=True,ROOT=1000001
R5C_G=5,C=10000001,MOD=20000002,M_RES=11110891,QR=True,ROOT=1825703
R5C_G=6,C=100000001,MOD=200000002,M_RES=102219781,QR=False,ROOT=
R5C_G=7,C=1000000001,MOD=2000000002,M_RES=1013308681,QR=False,ROOT=
R5C_G=8,C=10000000001,MOD=20000000002,M_RES=10124197681,QR=False,ROOT=
R5C_G=9,C=100000000001,MOD=200000000002,M_RES=101233087681,QR=False,ROOT=
R5C_G=10,C=1000000000001,MOD=2000000000002,M_RES=1012321987681,QR=False,ROOT=
R5C_G=11,C=10000000000001,MOD=20000000000002,M_RES=10123210987681,QR=True,ROOT=5931718578093
R5C_G=12,C=100000000000001,MOD=200000000000002,M_RES=101232100987681,QR=False,ROOT=
R5C_G4_EXACT_QR_FALSIFIER=PASS
R5C_PROFILE_SPECIFIC_GCD_BOUND=PASS
SHELL_SCAN_g=1,k=1,V=[1000,10000),COUNT=9000,SQUARE_HITS=0
SHELL_SCAN_g=1,k=2,V=[10000,100000),COUNT=90000,SQUARE_HITS=0
SHELL_SCAN_g=1,k=3,V=[100000,1000000),COUNT=900000,SQUARE_HITS=0
SHELL_SCAN_g=2,k=1,V=[100000,1000000),COUNT=900000,SQUARE_HITS=0
SHELL_SCAN_STATUS=FINITE_EVIDENCE_ONLY
